// Jest Snapshot v1, https://goo.gl/fbAQLP

exports[`minify option should work using when the \`minify\` option is \`esbuildMinify\` and output warnings: assets 1`] = `
Object {
  "main.js": "Error: ENOENT: no such file or directory, open '/home/evilebottnawi/IdeaProjects/terser-webpack-plugin/test/helpers/dist/main.js'",
}
`;

exports[`minify option should work using when the \`minify\` option is \`esbuildMinify\` and output warnings: errors 1`] = `
Array [
  "Error: main.js from Terser plugin
Transform failed with 1 error:",
]
`;

exports[`minify option should work using when the \`minify\` option is \`esbuildMinify\` and output warnings: warnings 1`] = `Array []`;
