// Jest Snapshot v1, https://goo.gl/fbAQLP

exports[`parallel option should match snapshot for errors into the "worker-farm" package whe the "cache" option is "true": errors 1`] = `
Array [
  "Error: one.js from Terser
Error: worker-farm failed",
]
`;

exports[`parallel option should match snapshot for errors into the "worker-farm" package whe the "cache" option is "true": warnings 1`] = `Array []`;

exports[`parallel option should match snapshot for errors into the "worker-farm" package: errors 1`] = `
Array [
  "Error: one.js from Terser
Error: worker-farm failed",
]
`;

exports[`parallel option should match snapshot for errors into the "worker-farm" package: warnings 1`] = `Array []`;
